// Jest Snapshot v1, https://goo.gl/fbAQLP

exports[`should render add exercise page correctly with props 1`] = `
<div>
  <Link
    className="button__back-button"
    replace={false}
    to="/diary"
  >
    <img
      className="image__header"
      src="/images/back-arrow.svg"
    />
  </Link>
  <div
    className="page-header__filter page-header__filter--with-back"
  >
    <div
      className="content-container"
    >
      <Connect(AddExerciseListFilters) />
    </div>
  </div>
  <Connect(AddExercisesList) />
  <div
    className="content-container"
  >
    <Link
      className="button button--link"
      replace={false}
      to="/create-exercise"
    >
      + CREATE CUSTOM EXERCISE
    </Link>
  </div>
</div>
`;

exports[`should render add exercise page correctly without props 1`] = `
<div>
  <Link
    className="button__back-button"
    replace={false}
    to="/diary"
  >
    <img
      className="image__header"
      src="/images/back-arrow.svg"
    />
  </Link>
  <div
    className="page-header__filter page-header__filter--with-back"
  >
    <div
      className="content-container"
    >
      <Connect(AddExerciseListFilters) />
    </div>
  </div>
  <Connect(AddExercisesList) />
  <div
    className="content-container"
  >
    <Link
      className="button button--link"
      replace={false}
      to="/create-exercise"
    >
      + CREATE CUSTOM EXERCISE
    </Link>
  </div>
</div>
`;
