// Jest Snapshot v1, https://goo.gl/fbAQLP

exports[`Should render backdrop correctly 1`] = `
<div
  className="backdrop"
  onClick={[Function]}
  style={
    Object {
      "background": "grey",
    }
  }
/>
`;
