// Jest Snapshot v1, https://goo.gl/fbAQLP

exports[`Should render the chart view component 1`] = `
<div>
  <Chart />
</div>
`;
