// Jest Snapshot v1, https://goo.gl/fbAQLP

exports[`Should render daily summaries 1`] = `
<div
  className="content-container__main"
>
  <DailySummary />
</div>
`;
