// Jest Snapshot v1, https://goo.gl/fbAQLP

exports[`Should render a diary exercise 1`] = `
<Link
  className="list-item"
  to="/update-exercise/2"
>
  <div>
    <p
      className="list-item__title"
    >
      JUMPING
       - 
      90 minutes
    </p>
  </div>
  <div>
    <p
      className="list-item__data"
    >
      29
    </p>
  </div>
</Link>
`;
