// Jest Snapshot v1, https://goo.gl/fbAQLP

exports[`Should render exercise form correctly 1`] = `
<div>
  <div
    className="content-container__background"
  >
    <div
      className="content-container__form"
    >
      <form
        className="form"
        onSubmit={[Function]}
      >
        <input
          className="text-input"
          id="energy-used"
          onChange={[Function]}
          placeholder="Description"
          type="text"
          value=""
        />
        <select
          className="text-input select"
          onChange={[Function]}
          value=""
        >
          <option
            hidden={true}
            value=""
          >
            Type
          </option>
          <option
            value="cardiovascular"
          >
            Cardiovascular
          </option>
          <option
            value="strength"
          >
            Strength
          </option>
        </select>
        <input
          className="text-input"
          onChange={[Function]}
          placeholder="Calories Burned"
          type="text"
          value=""
        />
        <input
          className="text-input"
          onChange={[Function]}
          placeholder="Duration of Exercise in Minutes"
          type="text"
          value=""
        />
        <button
          className="button button--form"
        >
          Add Exercise
        </button>
      </form>
    </div>
  </div>
</div>
`;

exports[`Should render exercise form with filter data 1`] = `
<div>
  <div
    className="content-container__background"
  >
    <div
      className="content-container__form"
    >
      <form
        className="form"
        onSubmit={[Function]}
      >
        <input
          className="text-input"
          id="energy-used"
          onChange={[Function]}
          placeholder="Description"
          type="text"
          value=""
        />
        <select
          className="text-input select"
          onChange={[Function]}
          value=""
        >
          <option
            hidden={true}
            value=""
          >
            Type
          </option>
          <option
            value="cardiovascular"
          >
            Cardiovascular
          </option>
          <option
            value="strength"
          >
            Strength
          </option>
        </select>
        <input
          className="text-input"
          onChange={[Function]}
          placeholder="Calories Burned"
          type="text"
          value=""
        />
        <input
          className="text-input"
          onChange={[Function]}
          placeholder="Duration of Exercise in Minutes"
          type="text"
          value=""
        />
        <button
          className="button button--form"
        >
          Add Exercise
        </button>
      </form>
    </div>
  </div>
</div>
`;
