// Jest Snapshot v1, https://goo.gl/fbAQLP

exports[`Should render the progress page correctly 1`] = `
<div>
  <Connect(ProgressFilters) />
  <Connect(ChartView) />
</div>
`;
